------------------------------------------------------------
Timing Analyzer Summary
------------------------------------------------------------

Type  : Slow 1200mV 85C Model Setup 'inst2|altpll_component|auto_generated|pll1|clk[1]'
Slack : -4.898
TNS   : -27.380

Type  : Slow 1200mV 85C Model Setup 'inst2|altpll_component|auto_generated|pll1|clk[0]'
Slack : -4.524
TNS   : -313.729

Type  : Slow 1200mV 85C Model Setup 'clock100hz:inst7|clk_out_signal'
Slack : -4.139
TNS   : -125.964

Type  : Slow 1200mV 85C Model Setup 'CLK'
Slack : -1.947
TNS   : -1.947

Type  : Slow 1200mV 85C Model Hold 'CLK'
Slack : 0.340
TNS   : 0.000

Type  : Slow 1200mV 85C Model Hold 'clock100hz:inst7|clk_out_signal'
Slack : 0.341
TNS   : 0.000

Type  : Slow 1200mV 85C Model Hold 'inst2|altpll_component|auto_generated|pll1|clk[1]'
Slack : 0.396
TNS   : 0.000

Type  : Slow 1200mV 85C Model Hold 'inst2|altpll_component|auto_generated|pll1|clk[0]'
Slack : 0.397
TNS   : 0.000

Type  : Slow 1200mV 85C Model Minimum Pulse Width 'clock100hz:inst7|clk_out_signal'
Slack : -1.403
TNS   : -47.702

Type  : Slow 1200mV 85C Model Minimum Pulse Width 'CLK'
Slack : 9.699
TNS   : 0.000

Type  : Slow 1200mV 85C Model Minimum Pulse Width 'inst2|altpll_component|auto_generated|pll1|clk[1]'
Slack : 8333.048
TNS   : 0.000

Type  : Slow 1200mV 85C Model Minimum Pulse Width 'inst2|altpll_component|auto_generated|pll1|clk[0]'
Slack : 24999.710
TNS   : 0.000

Type  : Slow 1200mV 0C Model Setup 'inst2|altpll_component|auto_generated|pll1|clk[1]'
Slack : -4.146
TNS   : -22.876

Type  : Slow 1200mV 0C Model Setup 'inst2|altpll_component|auto_generated|pll1|clk[0]'
Slack : -3.806
TNS   : -262.854

Type  : Slow 1200mV 0C Model Setup 'clock100hz:inst7|clk_out_signal'
Slack : -3.787
TNS   : -114.452

Type  : Slow 1200mV 0C Model Setup 'CLK'
Slack : -1.749
TNS   : -1.749

Type  : Slow 1200mV 0C Model Hold 'CLK'
Slack : 0.305
TNS   : 0.000

Type  : Slow 1200mV 0C Model Hold 'clock100hz:inst7|clk_out_signal'
Slack : 0.305
TNS   : 0.000

Type  : Slow 1200mV 0C Model Hold 'inst2|altpll_component|auto_generated|pll1|clk[1]'
Slack : 0.317
TNS   : 0.000

Type  : Slow 1200mV 0C Model Hold 'inst2|altpll_component|auto_generated|pll1|clk[0]'
Slack : 0.319
TNS   : 0.000

Type  : Slow 1200mV 0C Model Minimum Pulse Width 'clock100hz:inst7|clk_out_signal'
Slack : -1.403
TNS   : -47.702

Type  : Slow 1200mV 0C Model Minimum Pulse Width 'CLK'
Slack : 9.720
TNS   : 0.000

Type  : Slow 1200mV 0C Model Minimum Pulse Width 'inst2|altpll_component|auto_generated|pll1|clk[1]'
Slack : 8333.023
TNS   : 0.000

Type  : Slow 1200mV 0C Model Minimum Pulse Width 'inst2|altpll_component|auto_generated|pll1|clk[0]'
Slack : 24999.690
TNS   : 0.000

Type  : Fast 1200mV 0C Model Setup 'inst2|altpll_component|auto_generated|pll1|clk[1]'
Slack : -1.717
TNS   : -9.767

Type  : Fast 1200mV 0C Model Setup 'inst2|altpll_component|auto_generated|pll1|clk[0]'
Slack : -1.491
TNS   : -102.066

Type  : Fast 1200mV 0C Model Setup 'clock100hz:inst7|clk_out_signal'
Slack : -1.204
TNS   : -34.176

Type  : Fast 1200mV 0C Model Setup 'CLK'
Slack : -0.673
TNS   : -0.673

Type  : Fast 1200mV 0C Model Hold 'CLK'
Slack : 0.148
TNS   : 0.000

Type  : Fast 1200mV 0C Model Hold 'clock100hz:inst7|clk_out_signal'
Slack : 0.148
TNS   : 0.000

Type  : Fast 1200mV 0C Model Hold 'inst2|altpll_component|auto_generated|pll1|clk[1]'
Slack : 0.198
TNS   : 0.000

Type  : Fast 1200mV 0C Model Hold 'inst2|altpll_component|auto_generated|pll1|clk[0]'
Slack : 0.199
TNS   : 0.000

Type  : Fast 1200mV 0C Model Minimum Pulse Width 'clock100hz:inst7|clk_out_signal'
Slack : -1.000
TNS   : -34.000

Type  : Fast 1200mV 0C Model Minimum Pulse Width 'CLK'
Slack : 9.463
TNS   : 0.000

Type  : Fast 1200mV 0C Model Minimum Pulse Width 'inst2|altpll_component|auto_generated|pll1|clk[1]'
Slack : 8333.091
TNS   : 0.000

Type  : Fast 1200mV 0C Model Minimum Pulse Width 'inst2|altpll_component|auto_generated|pll1|clk[0]'
Slack : 24999.760
TNS   : 0.000

------------------------------------------------------------
