------------------------------------------------------------
Timing Analyzer Summary
------------------------------------------------------------

Type  : Slow 1200mV 85C Model Setup 'inst7|altpll_component|auto_generated|pll1|clk[1]'
Slack : 0.630
TNS   : 0.000

Type  : Slow 1200mV 85C Model Setup 'inst7|altpll_component|auto_generated|pll1|clk[0]'
Slack : 14.557
TNS   : 0.000

Type  : Slow 1200mV 85C Model Setup 'CLK'
Slack : 15.425
TNS   : 0.000

Type  : Slow 1200mV 85C Model Hold 'CLK'
Slack : 0.340
TNS   : 0.000

Type  : Slow 1200mV 85C Model Hold 'inst7|altpll_component|auto_generated|pll1|clk[1]'
Slack : 0.399
TNS   : 0.000

Type  : Slow 1200mV 85C Model Hold 'inst7|altpll_component|auto_generated|pll1|clk[0]'
Slack : 0.418
TNS   : 0.000

Type  : Slow 1200mV 85C Model Minimum Pulse Width 'CLK'
Slack : 9.699
TNS   : 0.000

Type  : Slow 1200mV 85C Model Minimum Pulse Width 'inst7|altpll_component|auto_generated|pll1|clk[1]'
Slack : 16666.386
TNS   : 0.000

Type  : Slow 1200mV 85C Model Minimum Pulse Width 'inst7|altpll_component|auto_generated|pll1|clk[0]'
Slack : 49999.724
TNS   : 0.000

Type  : Slow 1200mV 0C Model Setup 'inst7|altpll_component|auto_generated|pll1|clk[1]'
Slack : 1.335
TNS   : 0.000

Type  : Slow 1200mV 0C Model Setup 'inst7|altpll_component|auto_generated|pll1|clk[0]'
Slack : 15.253
TNS   : 0.000

Type  : Slow 1200mV 0C Model Setup 'CLK'
Slack : 15.761
TNS   : 0.000

Type  : Slow 1200mV 0C Model Hold 'CLK'
Slack : 0.305
TNS   : 0.000

Type  : Slow 1200mV 0C Model Hold 'inst7|altpll_component|auto_generated|pll1|clk[1]'
Slack : 0.321
TNS   : 0.000

Type  : Slow 1200mV 0C Model Hold 'inst7|altpll_component|auto_generated|pll1|clk[0]'
Slack : 0.338
TNS   : 0.000

Type  : Slow 1200mV 0C Model Minimum Pulse Width 'CLK'
Slack : 9.717
TNS   : 0.000

Type  : Slow 1200mV 0C Model Minimum Pulse Width 'inst7|altpll_component|auto_generated|pll1|clk[1]'
Slack : 16666.371
TNS   : 0.000

Type  : Slow 1200mV 0C Model Minimum Pulse Width 'inst7|altpll_component|auto_generated|pll1|clk[0]'
Slack : 49999.715
TNS   : 0.000

Type  : Fast 1200mV 0C Model Setup 'inst7|altpll_component|auto_generated|pll1|clk[1]'
Slack : 3.922
TNS   : 0.000

Type  : Fast 1200mV 0C Model Setup 'inst7|altpll_component|auto_generated|pll1|clk[0]'
Slack : 17.514
TNS   : 0.000

Type  : Fast 1200mV 0C Model Setup 'CLK'
Slack : 18.079
TNS   : 0.000

Type  : Fast 1200mV 0C Model Hold 'CLK'
Slack : 0.147
TNS   : 0.000

Type  : Fast 1200mV 0C Model Hold 'inst7|altpll_component|auto_generated|pll1|clk[1]'
Slack : 0.200
TNS   : 0.000

Type  : Fast 1200mV 0C Model Hold 'inst7|altpll_component|auto_generated|pll1|clk[0]'
Slack : 0.208
TNS   : 0.000

Type  : Fast 1200mV 0C Model Minimum Pulse Width 'CLK'
Slack : 9.467
TNS   : 0.000

Type  : Fast 1200mV 0C Model Minimum Pulse Width 'inst7|altpll_component|auto_generated|pll1|clk[1]'
Slack : 16666.433
TNS   : 0.000

Type  : Fast 1200mV 0C Model Minimum Pulse Width 'inst7|altpll_component|auto_generated|pll1|clk[0]'
Slack : 49999.802
TNS   : 0.000

------------------------------------------------------------
