------------------------------------------------------------
Timing Analyzer Summary
------------------------------------------------------------

Type  : Slow 1200mV 85C Model Setup 'inst7|altpll_component|auto_generated|pll1|clk[1]'
Slack : 0.561
TNS   : 0.000

Type  : Slow 1200mV 85C Model Setup 'inst7|altpll_component|auto_generated|pll1|clk[0]'
Slack : 12.561
TNS   : 0.000

Type  : Slow 1200mV 85C Model Setup 'CLK'
Slack : 14.961
TNS   : 0.000

Type  : Slow 1200mV 85C Model Hold 'CLK'
Slack : 0.343
TNS   : 0.000

Type  : Slow 1200mV 85C Model Hold 'inst7|altpll_component|auto_generated|pll1|clk[1]'
Slack : 0.398
TNS   : 0.000

Type  : Slow 1200mV 85C Model Hold 'inst7|altpll_component|auto_generated|pll1|clk[0]'
Slack : 0.415
TNS   : 0.000

Type  : Slow 1200mV 85C Model Minimum Pulse Width 'CLK'
Slack : 9.702
TNS   : 0.000

Type  : Slow 1200mV 85C Model Minimum Pulse Width 'inst7|altpll_component|auto_generated|pll1|clk[1]'
Slack : 16666.386
TNS   : 0.000

Type  : Slow 1200mV 85C Model Minimum Pulse Width 'inst7|altpll_component|auto_generated|pll1|clk[0]'
Slack : 49999.720
TNS   : 0.000

Type  : Slow 1200mV 0C Model Setup 'inst7|altpll_component|auto_generated|pll1|clk[1]'
Slack : 1.317
TNS   : 0.000

Type  : Slow 1200mV 0C Model Setup 'inst7|altpll_component|auto_generated|pll1|clk[0]'
Slack : 13.449
TNS   : 0.000

Type  : Slow 1200mV 0C Model Setup 'CLK'
Slack : 15.352
TNS   : 0.000

Type  : Slow 1200mV 0C Model Hold 'CLK'
Slack : 0.308
TNS   : 0.000

Type  : Slow 1200mV 0C Model Hold 'inst7|altpll_component|auto_generated|pll1|clk[1]'
Slack : 0.320
TNS   : 0.000

Type  : Slow 1200mV 0C Model Hold 'inst7|altpll_component|auto_generated|pll1|clk[0]'
Slack : 0.335
TNS   : 0.000

Type  : Slow 1200mV 0C Model Minimum Pulse Width 'CLK'
Slack : 9.721
TNS   : 0.000

Type  : Slow 1200mV 0C Model Minimum Pulse Width 'inst7|altpll_component|auto_generated|pll1|clk[1]'
Slack : 16666.362
TNS   : 0.000

Type  : Slow 1200mV 0C Model Minimum Pulse Width 'inst7|altpll_component|auto_generated|pll1|clk[0]'
Slack : 49999.708
TNS   : 0.000

Type  : Fast 1200mV 0C Model Setup 'inst7|altpll_component|auto_generated|pll1|clk[1]'
Slack : 3.906
TNS   : 0.000

Type  : Fast 1200mV 0C Model Setup 'inst7|altpll_component|auto_generated|pll1|clk[0]'
Slack : 16.649
TNS   : 0.000

Type  : Fast 1200mV 0C Model Setup 'CLK'
Slack : 17.888
TNS   : 0.000

Type  : Fast 1200mV 0C Model Hold 'CLK'
Slack : 0.150
TNS   : 0.000

Type  : Fast 1200mV 0C Model Hold 'inst7|altpll_component|auto_generated|pll1|clk[1]'
Slack : 0.200
TNS   : 0.000

Type  : Fast 1200mV 0C Model Hold 'inst7|altpll_component|auto_generated|pll1|clk[0]'
Slack : 0.207
TNS   : 0.000

Type  : Fast 1200mV 0C Model Minimum Pulse Width 'CLK'
Slack : 9.466
TNS   : 0.000

Type  : Fast 1200mV 0C Model Minimum Pulse Width 'inst7|altpll_component|auto_generated|pll1|clk[1]'
Slack : 16666.432
TNS   : 0.000

Type  : Fast 1200mV 0C Model Minimum Pulse Width 'inst7|altpll_component|auto_generated|pll1|clk[0]'
Slack : 49999.796
TNS   : 0.000

------------------------------------------------------------
